MPASM  5.31               SEGMENT_DISPLAY.ASM   6-22-2015  11:56:04         PAGE  1


LOC  OBJECT CODE     LINE SOURCE TEXT
  VALUE

                      00001 ;;;;;;;;;;;;;;;;;;;;;;;;;;;;;;;;;;;;;;;;;;;;;;;;;;;
                      00002 ;; Microcontrollers Laboratory                   ;;
                      00003 ;; Exercise 3: Counter and Display System        ;;
                      00004 ;; Author: EYOG YVON LEONCE                      ;;
                      00005 ;; UB Number: FE11A070                               ;;
                      00006 ;; Date: 01/06/2015                              ;; 
                      00007 ;;;;;;;;;;;;;;;;;;;;;;;;;;;;;;;;;;;;;;;;;;;;;;;;;;;
                      00008         ;; This program uses a common cathode 7-segment display in PROTEUS
                      00009 
                      00010         LIST p=16f84A 
                      00011         #include <p16f84A.inc>          
                      00001         LIST
                      00002 ; P16F84A.INC  Standard Header File, Version 2.00    Microchip Technology, Inc.
                      00134         LIST
2007   3FF1           00012         __CONFIG _CP_OFF & _WDT_OFF & _PWRTE_ON & _XT_OSC
                      00013 
  0000000B            00014 count equ 0Bh
  0000000D            00015 N1 equ 0Dh      ;First counter for delay loop
  0000000E            00016 N2 equ 0Eh
  0000000C            00017 N3 equ 0Ch
                      00018 
                      00019 ;Register Bit Label Equates
  00000001            00020 Input1   equ 01h   ;PUSH BUTTON INPUT RA1
  00000002            00021 Input2   equ 02h   ;PUSH BUTTON INPUT RA2
Warning[205]: Found directive in column 1. (ORG)
0000                  00022 ORG 0x000
                      00023 
                      00024 ;;defining PORT B ad output
Warning[203]: Found opcode in column 1. (bsf)
0000   1683           00025 bsf STATUS,5
Warning[203]: Found opcode in column 1. (movlw)
0001   3000           00026 movlw  b'0000000'       ;setting PORTB pins to output
Warning[203]: Found opcode in column 1. (movwf)
Message[302]: Register in operand not in bank 0.  Ensure that bank bits are correct.
0002   0086           00027 movwf TRISB
Warning[203]: Found opcode in column 1. (movlw)
0003   3006           00028 movlw b'00110'  ;setting PORTA pins RA1 and RA2 to input
Warning[203]: Found opcode in column 1. (movwf)
Message[302]: Register in operand not in bank 0.  Ensure that bank bits are correct.
0004   0085           00029 movwf TRISA
Warning[203]: Found opcode in column 1. (bcf)
0005   1283           00030 bcf STATUS,5
                      00031 
                      00032 
0006   3000           00033     movlw b'0000000'  ;30h      ;0
0007   008B           00034     movwf count
0008   080B           00035     movf count,w
                      00036 
0009                  00037 Start
Warning[203]: Found opcode in column 1. (call)
0009   2034           00038 call Table
                      00039 
Warning[203]: Found opcode in column 1. (call)
MPASM  5.31               SEGMENT_DISPLAY.ASM   6-22-2015  11:56:04         PAGE  2


LOC  OBJECT CODE     LINE SOURCE TEXT
  VALUE

000A   200C           00040 call initial_check
                      00041 
Warning[203]: Found opcode in column 1. (goto)
000B   2809           00042 goto Start
                      00043 ;}
                      00044 
000C                  00045 initial_check ;{
Warning[203]: Found opcode in column 1. (btfsc)
000C   1885           00046 btfsc PORTA, Input1 ; check if ra1 one is on {
Warning[203]: Found opcode in column 1. (goto)
000D   2812           00047 goto button_one    
                      00048 ;}
Warning[203]: Found opcode in column 1. (btfsc)
000E   1905           00049 btfsc PORTA, Input2 ; else check if ra2 is on{
Warning[203]: Found opcode in column 1. (goto)
000F   2815           00050 goto button_two
                      00051 ;}
Warning[203]: Found opcode in column 1. (goto)
0010   280C           00052 goto initial_check;else wait for either push
                      00053 ;}
Warning[203]: Found opcode in column 1. (return)
0011   0008           00054 return
                      00055 
                      00056 ;logic to for RA1
0012                  00057 button_one
Warning[203]: Found opcode in column 1. (call)
0012   2018           00058 call UpCount; increment counter
Warning[203]: Found opcode in column 1. (call)
0013   2024           00059 call Wait
                      00060 
                      00061 
                      00062 ;check_b    BTFSS PORTA,Input2 ; Wait for button release
                      00063  ;          GOTO check_a
                      00064 
                      00065 ;goto check_a
Warning[203]: Found opcode in column 1. (goto)
0014   280C           00066 goto initial_check
                      00067 
                      00068 ;logic for RA2
0015                  00069 button_two
                      00070 
Warning[203]: Found opcode in column 1. (call)
0015   201E           00071 call DownCount; increment counter
Warning[203]: Found opcode in column 1. (call)
0016   2024           00072 call Wait
Warning[203]: Found opcode in column 1. (goto)
0017   280C           00073 goto initial_check
                      00074 
                      00075 ;logic to increment
0018                  00076 UpCount
0018   080B           00077         movf count,w
0019   2034           00078         call Table
001A   0086           00079         movwf PORTB
MPASM  5.31               SEGMENT_DISPLAY.ASM   6-22-2015  11:56:04         PAGE  3


LOC  OBJECT CODE     LINE SOURCE TEXT
  VALUE

001B   1885           00080         btfsc PORTA, 01h
001C   0A8B           00081         incf count,f
001D   0008           00082         return
                      00083 
                      00084 ;logic to decrement
001E                  00085 DownCount
001E   038B           00086     decf count,f
001F   080B           00087         movf count,w
0020   2034           00088         call Table
0021   0086           00089         movwf PORTB
0022   2024           00090         call Wait
                      00091         
                      00092         
0023   0008           00093         return
                      00094 
0024                  00095 Wait
                      00096                         ;999990 cycles
0024   3007           00097         movlw   07h
0025   008D           00098         movwf   N1
0026   302F           00099         movlw   2Fh
0027   008E           00100         movwf   N2
0028   3003           00101         movlw   03h
0029   008C           00102         movwf   N3
002A                  00103 loop
002A   0B8D           00104         decfsz  N1, f
002B   282D           00105         goto    $+2
002C   0B8E           00106         decfsz  N2, f
002D   282F           00107         goto    $+2
002E   0B8C           00108         decfsz  N3, f
002F   282A           00109         goto    loop
                      00110 
                      00111                         ;6 cycles
0030   2831           00112         goto    $+1
0031   2832           00113         goto    $+1
0032   2833           00114         goto    $+1
                      00115 
                      00116                         ;4 cycles (including call)
0033   0008           00117         return
0034                  00118 Table
0034   0782           00119         addwf PCL,f             ;PCL is prgram counter
0035   343F           00120         RETLW 0x3f ; 0
Warning[203]: Found opcode in column 1. (RETLW)
0036   3406           00121 RETLW 0x06 ; 1
Warning[203]: Found opcode in column 1. (RETLW)
0037   345B           00122 RETLW 0x5b ; 2
Warning[203]: Found opcode in column 1. (RETLW)
0038   344F           00123 RETLW 0x4f ; 3
Warning[203]: Found opcode in column 1. (RETLW)
0039   3466           00124 RETLW 0x66 ; 4
Warning[203]: Found opcode in column 1. (RETLW)
003A   346D           00125 RETLW 0x6d ; 5
Warning[203]: Found opcode in column 1. (RETLW)
003B   347D           00126 RETLW 0x7d ; 6
MPASM  5.31               SEGMENT_DISPLAY.ASM   6-22-2015  11:56:04         PAGE  4


LOC  OBJECT CODE     LINE SOURCE TEXT
  VALUE

Warning[203]: Found opcode in column 1. (RETLW)
003C   3407           00127 RETLW 0x07 ; 7
Warning[203]: Found opcode in column 1. (RETLW)
003D   347F           00128 RETLW 0x7f ; 8
Warning[203]: Found opcode in column 1. (RETLW)
003E   346F           00129 RETLW 0x6f ; 9
                      00130 
Warning[205]: Found directive in column 1. (END)
                      00131 END
MPASM  5.31               SEGMENT_DISPLAY.ASM   6-22-2015  11:56:04         PAGE  5


SYMBOL TABLE
  LABEL                             VALUE 

C                                 00000000
DC                                00000001
DownCount                         0000001E
EEADR                             00000009
EECON1                            00000088
EECON2                            00000089
EEDATA                            00000008
EEIE                              00000006
EEIF                              00000004
F                                 00000001
FSR                               00000004
GIE                               00000007
INDF                              00000000
INTCON                            0000000B
INTE                              00000004
INTEDG                            00000006
INTF                              00000001
IRP                               00000007
Input1                            00000001
Input2                            00000002
N1                                0000000D
N2                                0000000E
N3                                0000000C
NOT_PD                            00000003
NOT_RBPU                          00000007
NOT_TO                            00000004
OPTION_REG                        00000081
PCL                               00000002
PCLATH                            0000000A
PORTA                             00000005
PORTB                             00000006
PS0                               00000000
PS1                               00000001
PS2                               00000002
PSA                               00000003
RBIE                              00000003
RBIF                              00000000
RD                                00000000
RP0                               00000005
RP1                               00000006
STATUS                            00000003
Start                             00000009
T0CS                              00000005
T0IE                              00000005
T0IF                              00000002
T0SE                              00000004
TMR0                              00000001
TRISA                             00000085
TRISB                             00000086
Table                             00000034
UpCount                           00000018
W                                 00000000
WR                                00000001
MPASM  5.31               SEGMENT_DISPLAY.ASM   6-22-2015  11:56:04         PAGE  6


SYMBOL TABLE
  LABEL                             VALUE 

WREN                              00000002
WRERR                             00000003
Wait                              00000024
Z                                 00000002
_CP_OFF                           00003FFF
_CP_ON                            0000000F
_HS_OSC                           00003FFE
_LP_OSC                           00003FFC
_PWRTE_OFF                        00003FFF
_PWRTE_ON                         00003FF7
_RC_OSC                           00003FFF
_WDT_OFF                          00003FFB
_WDT_ON                           00003FFF
_XT_OSC                           00003FFD
__16F84A                          00000001
__DEBUG                           1
button_one                        00000012
button_two                        00000015
count                             0000000B
initial_check                     0000000C
loop                              0000002A


MEMORY USAGE MAP ('X' = Used,  '-' = Unused)

0000 : XXXXXXXXXXXXXXXX XXXXXXXXXXXXXXXX XXXXXXXXXXXXXXXX XXXXXXXXXXXXXXX-
2000 : -------X-------- ---------------- ---------------- ----------------

All other memory blocks unused.

Program Memory Words Used:    63
Program Memory Words Free:   961


Errors   :     0
Warnings :    32 reported,     0 suppressed
Messages :     2 reported,     0 suppressed

