MPLINK 4.31, Linker
Linker Map File - Created Mon Jun 08 12:39:07 2015

                                 Section Info
                  Section       Type    Address   Location Size(Bytes)
                ---------  ---------  ---------  ---------  ---------
                   .org_0       code   0x000000    program   0x000000
                   .org_1       code   0x000000    program   0x000074
.config_2007_SEGMENT_DISPLAY.O       code   0x002007    program   0x000002



                              Program Memory Usage 
                               Start         End      
                           ---------   ---------      
                            0x000000    0x000039      
                            0x002007    0x002007      
            59 out of 1093 program addresses used, program memory utilization is 5%



                              Symbols - Sorted by Name
                     Name    Address   Location    Storage File                     
                ---------  ---------  ---------  --------- ---------                
                DownCount   0x000018    program     static C:\Users\vdjeudjam\Desktop\Djeudjam Verane - FE11A046\UpDown Count\Segment_Display.asm
                    Start   0x000006    program     static C:\Users\vdjeudjam\Desktop\Djeudjam Verane - FE11A046\UpDown Count\Segment_Display.asm
                    Table   0x00002f    program     static C:\Users\vdjeudjam\Desktop\Djeudjam Verane - FE11A046\UpDown Count\Segment_Display.asm
                  UpCount   0x000011    program     static C:\Users\vdjeudjam\Desktop\Djeudjam Verane - FE11A046\UpDown Count\Segment_Display.asm
                     Wait   0x00001f    program     static C:\Users\vdjeudjam\Desktop\Djeudjam Verane - FE11A046\UpDown Count\Segment_Display.asm
                     loop   0x000025    program     static C:\Users\vdjeudjam\Desktop\Djeudjam Verane - FE11A046\UpDown Count\Segment_Display.asm



                              Symbols - Sorted by Address
                     Name    Address   Location    Storage File                     
                ---------  ---------  ---------  --------- ---------                
                    Start   0x000006    program     static C:\Users\vdjeudjam\Desktop\Djeudjam Verane - FE11A046\UpDown Count\Segment_Display.asm
                  UpCount   0x000011    program     static C:\Users\vdjeudjam\Desktop\Djeudjam Verane - FE11A046\UpDown Count\Segment_Display.asm
                DownCount   0x000018    program     static C:\Users\vdjeudjam\Desktop\Djeudjam Verane - FE11A046\UpDown Count\Segment_Display.asm
                     Wait   0x00001f    program     static C:\Users\vdjeudjam\Desktop\Djeudjam Verane - FE11A046\UpDown Count\Segment_Display.asm
                     loop   0x000025    program     static C:\Users\vdjeudjam\Desktop\Djeudjam Verane - FE11A046\UpDown Count\Segment_Display.asm
                    Table   0x00002f    program     static C:\Users\vdjeudjam\Desktop\Djeudjam Verane - FE11A046\UpDown Count\Segment_Display.asm


